// Jest Snapshot v1, https://goo.gl/fbAQLP

exports[`Selection 1`] = `
<DocumentFragment>
  <div>
    <h1>
      Selection
    </h1>
    <p>
      1234567890
    </p>
    <form
      class=""
    >
      <div
        class="form-group"
      >
        <label
          class="form-label"
        >
          Codigo:
        </label>
        <input
          class="form-control"
          disabled=""
          type="text"
          value="1234567890"
        />
      </div>
      <div
        class="form-group"
      >
        <label
          class="form-label"
        >
          Nombre:
        </label>
        <input
          class="form-control"
          type="text"
          value="Juan"
        />
      </div>
      <div
        class="form-group"
      >
        <label
          class="form-label"
        >
          Apellido Materno:
        </label>
        <input
          class="form-control"
          type="text"
          value="Preciado"
        />
      </div>
      <div
        class="form-group"
      >
        <label
          class="form-label"
        >
          Apellido Paterno:
        </label>
        <input
          class="form-control"
          type="text"
          value="Paramo"
        />
      </div>
      <div
        class="form-group"
      >
        <label
          class="form-label"
        >
          Genero:
        </label>
        <input
          class="form-control"
          type="text"
          value="M"
        />
      </div>
      <div
        class="form-group"
      >
        <label
          class="form-label"
        >
          Carrera:
        </label>
        <input
          class="form-control"
          type="text"
          value="Agronegocios"
        />
      </div>
      <div
        class="form-group"
      >
        <label
          class="form-label"
        >
          Ciclo de Ingreso:
        </label>
        <input
          class="form-control"
          type="text"
          value="1955B"
        />
      </div>
      <div
        class="form-group"
      >
        <label
          class="form-label"
        >
          Telefono:
        </label>
        <input
          class="form-control"
          type="text"
          value="3411234567"
        />
      </div>
      <div
        class="form-group"
      >
        <label
          class="form-label"
        >
          Correo Electronico:
        </label>
        <input
          class="form-control"
          type="text"
          value="juan@lamedialuna.net"
        />
      </div>
      <div
        class="form-group"
      >
        <label
          class="form-label"
        >
          Nivel:
        </label>
        <input
          class="form-control"
          disabled=""
          type="text"
          value="4"
        />
      </div>
      <div
        class="form-group"
      >
        <label
          class="form-label"
        >
          Curso:
        </label>
        <input
          class="form-control"
          type="text"
          value="en"
        />
      </div>
      <div
        class="form-group"
      >
        <label
          class="form-label"
        >
          Horario Filex:
        </label>
        <select
          class="form-control"
          id="schedule"
        >
          <option
            value=""
          >
            Elige un horario:
          </option>
          <option
            value="E4-1"
          >
            E4-1 Gonzalo Rocha 07:00-08:00
          </option>
        </select>
      </div>
      <button
        class="btn btn-primary"
        type="submit"
      >
        Enviar
      </button>
    </form>
  </div>
</DocumentFragment>
`;
